// Jest Snapshot v1, https://goo.gl/fbAQLP

exports[`should fallback to empty permission 1`] = `
{
  "app_erase": true,
  "doujin_subject_lock": true,
  "ep_edit": true,
  "ep_move": true,
  "manage_user": true,
  "manage_user_group": true,
  "mono_erase": true,
  "mono_merge": true,
  "report": true,
  "subject_edit": true,
  "subject_lock": true,
  "subject_refresh": true,
  "subject_related": true,
  "user_list": true,
}
`;

exports[`should fetch user 1`] = `
{
  "ID": 382951,
  "groupID": 10,
  "img": "000/38/29/382951.jpg?r=1571167246",
  "nickname": "树洞酱",
  "regTime": 1512262276,
  "username": "382951",
}
`;
