// Vitest Snapshot v1

exports[`should auth > current auth 1`] = `
{
  "groupID": 10,
  "id": 382951,
  "img": "000/38/29/382951.jpg?r=1571167246",
  "nickname": "树洞酱",
  "regTime": 1512262276,
  "username": "382951",
}
`;

exports[`should auth > current auth 2`] = `
{
  "groupID": 10,
  "id": 382951,
  "img": "000/38/29/382951.jpg?r=1571167246",
  "nickname": "树洞酱",
  "regTime": 1512262276,
  "username": "382951",
}
`;
