// Jest Snapshot v1, https://goo.gl/fbAQLP

exports[`auth should return error 1`] = `
{
  "code": "TOKEN_INVALID",
  "error": "Unauthorized",
  "message": "can't find access token or it has been expired",
  "statusCode": 401,
}
`;
