// Jest Snapshot v1, https://goo.gl/fbAQLP

exports[`login should failed on too many requests 1`] = `
{
  "code": "TOO_MANY_REQUESTS",
  "error": "Too Many Requests",
  "message": "too many failed login attempts",
  "statusCode": 429,
}
`;
